geometry.g2
patch 1
<type 'GoTools.Surface'>
kmult dir 1: 3 1 1 1 1 1 1 1 1 1 1 1 1 1 1 1 1 1 1 1 3
kmult dir 2: 3 1 1 1 1 1 1 1 1 1 1 1 1 1 1 1 1 1 1 1 1 1 1 1 1 1 1 1 1 1 1 1 1 1 1 1 1 1 1 1 1 3
patch 2
<type 'GoTools.Surface'>
kmult dir 1: 3 1 1 1 1 1 1 1 1 1 1 1 1 1 1 1 1 1 1 1 3
kmult dir 2: 3 1 1 1 1 1 1 1 1 1 1 1 1 1 1 1 1 1 1 1 1 1 1 1 1 1 1 1 1 1 1 1 1 1 1 1 1 1 1 1 1 3
patch 3
<type 'GoTools.Surface'>
kmult dir 1: 3 1 1 1 1 1 1 1 1 1 1 1 1 1 1 1 1 1 1 1 3
kmult dir 2: 3 1 1 1 1 1 1 1 1 1 1 1 1 1 1 1 1 1 1 1 1 1 1 1 1 1 1 1 1 1 1 1 1 1 1 1 1 1 1 1 1 3
patch 4
<type 'GoTools.Surface'>
kmult dir 1: 3 1 1 1 1 1 1 1 1 1 1 1 1 1 1 1 1 1 1 1 3
kmult dir 2: 3 1 1 1 1 1 1 1 1 1 1 1 1 1 1 1 1 1 1 1 1 1 1 1 1 1 1 1 1 1 1 1 1 1 1 1 1 1 1 1 1 3
patch 5
<type 'GoTools.Surface'>
kmult dir 1: 3 1 1 1 1 1 1 1 1 1 1 1 1 1 1 1 1 1 1 1 3
kmult dir 2: 3 1 1 1 1 1 1 1 1 1 1 1 1 1 1 1 1 1 1 1 1 1 1 1 1 1 1 1 1 1 1 1 1 1 1 1 1 1 1 1 1 3
patch 6
<type 'GoTools.Surface'>
kmult dir 1: 3 1 1 1 1 1 1 1 1 1 1 1 1 1 1 1 1 1 1 1 3
kmult dir 2: 3 1 1 1 1 1 1 1 1 1 1 1 1 1 1 1 1 1 1 1 1 1 1 1 1 1 1 1 1 1 1 1 1 1 1 1 1 1 1 1 1 3
patch 7
<type 'GoTools.Surface'>
kmult dir 1: 3 1 1 1 1 1 1 1 1 1 1 1 1 1 1 1 1 1 1 1 3
kmult dir 2: 3 1 1 1 1 1 1 1 1 1 1 1 1 1 1 1 1 1 1 1 1 1 1 1 1 1 1 1 1 1 1 1 1 1 1 1 1 1 1 1 1 3
patch 8
<type 'GoTools.Surface'>
kmult dir 1: 3 1 1 1 1 1 1 1 1 1 1 1 1 1 1 1 1 1 1 1 3
kmult dir 2: 3 1 1 1 1 1 1 1 1 1 1 1 1 1 1 1 1 1 1 1 1 1 1 1 1 1 1 1 1 1 1 1 1 1 1 1 1 1 1 1 1 3
patch 9
<type 'GoTools.Surface'>
kmult dir 1: 3 1 1 1 1 1 1 1 1 1 1 1 1 1 1 1 1 1 1 1 3
kmult dir 2: 3 1 1 1 1 1 1 1 1 1 1 1 1 1 1 1 1 1 1 1 1 1 1 1 1 1 1 1 1 1 1 1 1 1 1 1 1 1 1 1 1 3
patch 10
<type 'GoTools.Surface'>
kmult dir 1: 3 1 1 1 1 1 1 1 1 1 1 1 1 1 1 1 1 1 1 1 3
kmult dir 2: 3 1 1 1 1 1 1 1 1 1 1 1 1 1 1 1 1 1 1 1 1 1 1 1 1 1 1 1 1 1 1 1 1 1 1 1 1 1 1 1 1 3
patch 11
<type 'GoTools.Surface'>
kmult dir 1: 3 1 1 1 1 1 1 1 1 1 1 1 1 1 1 1 1 1 1 1 3
kmult dir 2: 3 1 1 1 1 1 1 1 1 1 1 1 1 1 1 1 1 1 1 1 1 1 1 1 1 1 1 1 1 1 1 1 1 1 1 1 1 1 1 1 1 3
patch 12
<type 'GoTools.Surface'>
kmult dir 1: 3 1 1 1 1 1 1 1 1 1 1 1 1 1 1 1 1 1 1 1 3
kmult dir 2: 3 1 1 1 1 1 1 1 1 1 1 1 1 1 1 1 1 1 1 1 1 1 1 1 1 1 1 1 1 1 1 1 1 1 1 1 1 1 1 1 1 3
patch 13
<type 'GoTools.Surface'>
kmult dir 1: 3 1 1 1 1 1 1 1 1 1 1 1 1 1 1 1 1 1 1 1 3
kmult dir 2: 3 1 1 1 1 1 1 1 1 1 1 1 1 1 1 1 1 1 1 1 1 1 1 1 1 1 1 1 1 1 1 1 1 1 1 1 1 1 1 1 1 3
patch 14
<type 'GoTools.Surface'>
kmult dir 1: 3 1 1 1 1 1 1 1 1 1 1 1 1 1 1 1 1 1 1 1 3
kmult dir 2: 3 1 1 1 1 1 1 1 1 1 1 1 1 1 1 1 1 1 1 1 1 1 1 1 1 1 1 1 1 1 1 1 1 1 1 1 1 1 1 1 1 3
patch 15
<type 'GoTools.Surface'>
kmult dir 1: 3 1 1 1 1 1 1 1 1 1 1 1 1 1 1 1 1 1 1 1 3
kmult dir 2: 3 1 1 1 1 1 1 1 1 1 1 1 1 1 1 1 1 1 1 1 1 1 1 1 1 1 1 1 1 1 1 1 1 1 1 1 1 1 1 1 1 3
patch 16
<type 'GoTools.Surface'>
kmult dir 1: 3 1 1 1 1 1 1 1 1 1 1 1 1 1 1 1 1 1 1 1 3
kmult dir 2: 3 1 1 1 1 1 1 1 1 1 1 1 1 1 1 1 1 1 1 1 1 1 1 1 1 1 1 1 1 1 1 1 1 1 1 1 1 1 1 1 1 3
patch 17
<type 'GoTools.Surface'>
kmult dir 1: 3 1 1 1 1 1 1 1 1 1 1 1 1 1 1 1 1 1 1 1 3
kmult dir 2: 3 1 1 1 1 1 1 1 1 1 1 1 1 1 1 1 1 1 1 1 1 1 1 1 1 1 1 1 1 1 1 1 1 1 1 1 3
patch 18
<type 'GoTools.Surface'>
kmult dir 1: 3 1 1 1 1 1 1 1 1 1 1 1 1 1 1 1 1 1 1 1 3
kmult dir 2: 3 1 1 1 1 1 1 1 1 1 1 1 1 1 1 1 1 1 1 1 1 1 1 1 1 1 1 1 1 1 1 1 1 1 1 1 3
geometry.xinp
topset: outflow
17 vertices:  edges: 3 faces: 
18 vertices:  edges: 3 faces: 
topset: slipwall_right
10 vertices: 3 edges:  faces: 
12 vertices:  edges: 4 faces: 
14 vertices:  edges: 4 faces: 
18 vertices: 2 edges: 2 faces: 
topset: slipwall_left
2 vertices: 4 edges:  faces: 
4 vertices:  edges: 4 faces: 
6 vertices:  edges: 4 faces: 
17 vertices: 1 edges: 1 faces: 
topset: wing
1 vertices:  edges: 3 faces: 
3 vertices:  edges: 3 faces: 
5 vertices:  edges: 3 faces: 
7 vertices:  edges: 3 faces: 
9 vertices:  edges: 3 faces: 
11 vertices:  edges: 3 faces: 
13 vertices:  edges: 3 faces: 
15 vertices:  edges: 3 faces: 
topset: inflow
6 vertices: 4 edges:  faces: 
8 vertices:  edges: 4 faces: 
14 vertices: 3 edges:  faces: 
16 vertices:  edges: 4 faces: 
